// Jest Snapshot v1, https://goo.gl/fbAQLP

exports[`EditFormView renders 1`] = `
<DocumentFragment>
  <div
    class="tools-control-group"
  >
    <div
      class="control-menu-level-1-heading"
    >
      edit-form-view
    </div>
  </div>
  <div
    id="customObject"
  >
    <div
      class="data-layout-builder-sidebar"
    >
      <div
        class="sidebar sidebar-light"
      >
        <form>
          <div
            class="custom-object-sidebar-header ml-4 mr-4 mt-4 pt-2 pb-2"
          >
            <div
              class="autofit-row autofit-row-center"
            >
              <div
                class="autofit-col autofit-col-expand"
              >
                <h3>
                  My Custom Object
                </h3>
              </div>
              <div
                class="autofit-col"
              >
                <button
                  class="btn btn-monospaced btn-unstyled"
                  type="button"
                >
                  <svg
                    class="lexicon-icon lexicon-icon-search"
                    role="presentation"
                  >
                    <use
                      xlink:href="#search"
                    />
                  </svg>
                </button>
              </div>
              <div
                class="autofit-col"
              >
                <div
                  class="dropdown custom-object-dropdown"
                >
                  <button
                    class="dropdown-toggle btn btn-monospaced btn-unstyled"
                    style=""
                    type="button"
                  >
                    <svg
                      class="lexicon-icon lexicon-icon-plus"
                      role="presentation"
                    >
                      <use
                        xlink:href="#plus"
                      />
                    </svg>
                  </button>
                </div>
              </div>
            </div>
          </div>
        </form>
        <div
          class="sidebar-body"
        >
          <div
            class="custom-object-field field-type autofit-row autofit-row-center"
            data-field-type-name="Text"
            draggable="true"
            title="Name"
          >
            <div
              class="pr-2 pl-2 autofit-col"
            >
              <span
                class="sticker data-layout-builder-field-sticker sticker-light sticker-md"
              >
                <span
                  class="sticker-overlay"
                >
                  <svg
                    class="lexicon-icon lexicon-icon-undefined"
                    role="presentation"
                  >
                    <use
                      xlink:href="#undefined"
                    />
                  </svg>
                </span>
              </span>
            </div>
            <div
              class="pr-2 autofit-col autofit-col-expand"
            >
              <div
                class="d-flex list-group-title"
              >
                <span
                  class="text-truncate"
                >
                  Name
                </span>
                <span
                  class="reference-mark"
                >
                  <svg
                    class="lexicon-icon lexicon-icon-asterisk"
                    role="presentation"
                  >
                    <use
                      xlink:href="#asterisk"
                    />
                  </svg>
                </span>
              </div>
              <p
                class="list-group-subtitle text-truncate"
              >
                <small>
                  Text 
                </small>
              </p>
            </div>
            <div
              class="autofit-col pr-2"
            />
            <div
              class="pr-2 autofit-col"
            >
              <svg
                class="lexicon-icon lexicon-icon-drag"
                role="presentation"
              >
                <use
                  xlink:href="#drag"
                />
              </svg>
            </div>
            <div
              class="field-type-remove-icon"
            >
              <button
                class="btn btn-monospaced btn-outline-borderless btn-outline-secondary"
                data-tooltip-align="right"
                data-tooltip-delay="200"
                title="delete-from-object"
                type="button"
              >
                <svg
                  class="lexicon-icon lexicon-icon-times-circle"
                  role="presentation"
                >
                  <use
                    xlink:href="#times-circle"
                  />
                </svg>
              </button>
            </div>
          </div>
          <div
            class="custom-object-field field-type autofit-row autofit-row-center"
            data-field-type-name="SelectFromList"
            draggable="true"
            title="Options"
          >
            <div
              class="pr-2 pl-2 autofit-col"
            >
              <span
                class="sticker data-layout-builder-field-sticker sticker-light sticker-md"
              >
                <span
                  class="sticker-overlay"
                >
                  <svg
                    class="lexicon-icon lexicon-icon-undefined"
                    role="presentation"
                  >
                    <use
                      xlink:href="#undefined"
                    />
                  </svg>
                </span>
              </span>
            </div>
            <div
              class="pr-2 autofit-col autofit-col-expand"
            >
              <div
                class="d-flex list-group-title"
              >
                <span
                  class="text-truncate"
                >
                  Options
                </span>
                <span
                  class="reference-mark"
                >
                  <svg
                    class="lexicon-icon lexicon-icon-asterisk"
                    role="presentation"
                  >
                    <use
                      xlink:href="#asterisk"
                    />
                  </svg>
                </span>
              </div>
              <p
                class="list-group-subtitle text-truncate"
              >
                <small>
                  Select from List 
                </small>
              </p>
            </div>
            <div
              class="autofit-col pr-2"
            />
            <div
              class="pr-2 autofit-col"
            >
              <svg
                class="lexicon-icon lexicon-icon-drag"
                role="presentation"
              >
                <use
                  xlink:href="#drag"
                />
              </svg>
            </div>
            <div
              class="field-type-remove-icon"
            >
              <button
                class="btn btn-monospaced btn-outline-borderless btn-outline-secondary"
                data-tooltip-align="right"
                data-tooltip-delay="200"
                title="delete-from-object"
                type="button"
              >
                <svg
                  class="lexicon-icon lexicon-icon-times-circle"
                  role="presentation"
                >
                  <use
                    xlink:href="#times-circle"
                  />
                </svg>
              </button>
            </div>
          </div>
          <div
            class="field-type-list"
          >
            <div
              class="collapsable-panel panel panel-unstyled field-type-fieldset"
              role="tablist"
            >
              <div
                class="custom-object-field field-type-header field-type autofit-row autofit-row-center"
                data-field-type-name="Field53354166"
                draggable="true"
                title="Address"
              >
                <div
                  class="pr-2 pl-2 autofit-col"
                >
                  <span
                    class="sticker data-layout-builder-field-sticker sticker-light sticker-md"
                  >
                    <span
                      class="sticker-overlay"
                    >
                      <svg
                        class="lexicon-icon lexicon-icon-angle-right"
                        role="presentation"
                      >
                        <use
                          xlink:href="#angle-right"
                        />
                      </svg>
                    </span>
                  </span>
                </div>
                <div
                  class="pr-2 autofit-col autofit-col-expand"
                >
                  <div
                    class="d-flex list-group-title"
                  >
                    <span
                      class="text-truncate"
                    >
                      Address
                    </span>
                  </div>
                  <p
                    class="list-group-subtitle text-truncate"
                  >
                    <small>
                      fieldset - 1 fields
                    </small>
                  </p>
                </div>
                <div
                  class="autofit-col pr-2"
                />
                <div
                  class="pr-2 autofit-col"
                >
                  <svg
                    class="lexicon-icon lexicon-icon-drag"
                    role="presentation"
                  >
                    <use
                      xlink:href="#drag"
                    />
                  </svg>
                </div>
                <div
                  class="field-type-remove-icon"
                >
                  <button
                    class="btn btn-monospaced btn-outline-borderless btn-outline-secondary"
                    data-tooltip-align="right"
                    data-tooltip-delay="200"
                    title="delete-from-object"
                    type="button"
                  >
                    <svg
                      class="lexicon-icon lexicon-icon-times-circle"
                      role="presentation"
                    >
                      <use
                        xlink:href="#times-circle"
                      />
                    </svg>
                  </button>
                </div>
              </div>
              <div
                class="panel-collapse collapse"
                role="tabpanel"
              >
                <div
                  class="panel-body"
                >
                  <div
                    class="field-type-item position-relative"
                  >
                    <div
                      class="custom-object-field-children field-type autofit-row autofit-row-center"
                      data-field-type-name="Field95700329"
                      draggable="true"
                      title="Text Field"
                    >
                      <div
                        class="pr-2 pl-2 autofit-col"
                      >
                        <span
                          class="sticker data-layout-builder-field-sticker sticker-light sticker-md"
                        >
                          <span
                            class="sticker-overlay"
                          >
                            <svg
                              class="lexicon-icon lexicon-icon-undefined"
                              role="presentation"
                            >
                              <use
                                xlink:href="#undefined"
                              />
                            </svg>
                          </span>
                        </span>
                      </div>
                      <div
                        class="pr-2 autofit-col autofit-col-expand"
                      >
                        <div
                          class="d-flex list-group-title"
                        >
                          <span
                            class="text-truncate"
                          >
                            Text Field
                          </span>
                        </div>
                        <p
                          class="list-group-subtitle text-truncate"
                        >
                          <small>
                            Text 
                          </small>
                        </p>
                      </div>
                      <div
                        class="autofit-col pr-2"
                      />
                    </div>
                  </div>
                </div>
              </div>
            </div>
          </div>
        </div>
      </div>
    </div>
  </div>
  <nav
    class="app-builder-upper-toolbar component-tbar subnav-tbar-light tbar"
  >
    <div
      class="container-fluid container-fluid-max-xl"
    >
      <ul
        class="tbar-nav"
      >
        <li
          class="tbar-item"
        >
          <div
            class="tbar-section"
          >
            <div
              class="input-group"
            >
              <div
                class="dropdown localizable-dropdown"
              >
                <button
                  class="dropdown-toggle btn btn-monospaced btn-secondary"
                  style=""
                  symbol="en-US"
                  type="button"
                >
                  <span
                    class="inline-item"
                  >
                    <svg
                      class="lexicon-icon lexicon-icon-en-us"
                      role="presentation"
                    >
                      <use
                        xlink:href="#en-us"
                      />
                    </svg>
                  </span>
                  <span
                    class="btn-section"
                  >
                    en-US
                  </span>
                </button>
              </div>
            </div>
          </div>
        </li>
        <li
          class="tbar-item tbar-item-expand"
        >
          <div
            class="tbar-section"
          >
            <div
              class="input-group"
            >
              <div
                class="input-group-item"
              >
                <input
                  aria-label="untitled-form-view"
                  class="form-control form-control-inline"
                  placeholder="untitled-form-view"
                  type="text"
                  value="FormView"
                />
              </div>
            </div>
          </div>
        </li>
        <li
          class="tbar-item"
        >
          <div
            class="tbar-section"
          >
            <div
              class="input-group"
            >
              <div
                class="btn-group"
                role="group"
              >
                <div
                  class="btn-group-item"
                >
                  <button
                    class="btn btn-secondary"
                    type="button"
                  >
                    cancel
                  </button>
                </div>
                <div
                  class="btn-group-item"
                >
                  <button
                    class="m-0 btn btn-primary"
                    type="button"
                  >
                    save
                  </button>
                </div>
              </div>
            </div>
          </div>
        </li>
      </ul>
    </div>
  </nav>
</DocumentFragment>
`;
